../src/main.dasm         (line 2):   [0x0000] 7C20 0030       JSR init_memory
../src/main.dasm         (line 3):   [0x0002] 7C20 0004       JSR init_devices
drivers/handler_drv.dasm (line 3):   [0x0004]               init_devices:
drivers/handler_drv.dasm (line 4):   [0x0004] 1A00            HWN I
drivers/handler_drv.dasm (line 6):   [0x0005]               .next:
drivers/handler_drv.dasm (line 7):   [0x0005] 84D2            IFE I, 0
drivers/handler_drv.dasm (line 8):   [0x0006] 6381            SET PC, POP
drivers/handler_drv.dasm (line 9):   [0x0007] 8B83            SUB PC, 1
drivers/handler_drv.dasm (line 11):  [0x0008] 1A20            HWQ I
drivers/handler_drv.dasm (line 14):  [0x0009] 7C32 12D0       IFE B, 0x12D0
drivers/handler_drv.dasm (line 15):  [0x000B] 7C12 B402       IFE A, 0xB402
drivers/handler_drv.dasm (line 16):  [0x000D] CB81            SET PC, Clock_SetID
drivers/handler_drv.dasm (line 18):  [0x000E] 9B81            SET PC, .next
drivers/drv_clock.dasm   (line 10):  [0x0011]               Clock_SetID:
drivers/drv_clock.dasm   (line 11):  [0x0011] 03C1 0020       SET [Clock_ID], A
drivers/drv_clock.dasm   (line 12):  [0x0013] 6381            SET PC, POP
drivers/drv_clock.dasm   (line 15):  [0x0014]               Clock_SetTick:
drivers/drv_clock.dasm   (line 16):  [0x0014] 0701            SET PUSH, B
drivers/drv_clock.dasm   (line 17):  [0x0014] 0021            SET B, A
drivers/drv_clock.dasm   (line 18):  [0x0015] 8401            SET A, CLOCK_SETTICK
drivers/drv_clock.dasm   (line 19):  [0x0015] 7A40 0020       HWI [Clock_ID]
drivers/drv_clock.dasm   (line 20):  [0x0017] 0401            SET A, B
drivers/drv_clock.dasm   (line 21):  [0x0018] 6021            SET B, POP
drivers/drv_clock.dasm   (line 22):  [0x0019] 6381            SET PC, POP
drivers/drv_clock.dasm   (line 25):  [0x001A]               Clock_GetTick:
drivers/drv_clock.dasm   (line 26):  [0x001A] 0B01            SET PUSH, C
drivers/drv_clock.dasm   (line 27):  [0x001B] 8801            SET A, CLOCK_GETTICK
drivers/drv_clock.dasm   (line 28):  [0x001C] 7A40 0020       HWI [Clock_ID]
drivers/drv_clock.dasm   (line 29):  [0x001E] 0801            SET A, C
drivers/drv_clock.dasm   (line 30):  [0x001F] 6041            SET C, POP
drivers/drv_clock.dasm   (line 31):  [0x0020] 6381            SET PC, POP
drivers/drv_clock.dasm   (line 34):  [0x0021]               Clock_SetIntMsg:
drivers/drv_clock.dasm   (line 35):  [0x0021] 0701            SET PUSH, B
drivers/drv_clock.dasm   (line 36):  [0x0022] 0021            SET B, A
drivers/drv_clock.dasm   (line 37):  [0x0023] 8C01            SET A, CLOCK_TOGLINT
drivers/drv_clock.dasm   (line 38):  [0x0024] 7A40 0020       HWI [Clock_ID]
drivers/drv_clock.dasm   (line 39):  [0x0026] 0401            SET A, B
drivers/drv_clock.dasm   (line 40):  [0x0027] 6021            SET B, POP
drivers/drv_clock.dasm   (line 41):  [0x0028] 6381            SET PC, POP
drivers/drv_clock.dasm   (line 43):  [0x0029]               Clock_ID:
drivers/drv_clock.dasm   (line 44):  [0x0029]                 .DAT 0xFFFF
drivers/drv_clock.dasm   (line 44):  [0x0029]                      FFFF
drivers/drv_clock.dasm   (line 46):  [0x002A]               #define CLOCK_SETTICK 0
drivers/drv_clock.dasm   (line 47):  [0x002A]               #define CLOCK_GETTICK 1
drivers/drv_clock.dasm   (line 48):  [0x002A]               #define CLOCK_TOGLINT 2
memory.dasm              (line 6):   [0x0031]               #define MEM_ERR_INSFRAM 128
memory.dasm              (line 7):   [0x0031]               #define MEM_ERR_NOBLOCK 129
memory.dasm              (line 9):   [0x0030]               init_memory:
memory.dasm              (line 10):  [0x002F] 7C01 0140       SET A, free_memory_start
memory.dasm              (line 11):  [0x0031] 7C06 0200       DIV A, 0x200
memory.dasm              (line 12):  [0x0033] 87B3            IFN EX, 0
memory.dasm              (line 13):  [0x0034] 8802            ADD A, 1
memory.dasm              (line 15):  [0x0035] 6381            SET PC, POP
memory.dasm              (line 24):  [0x0033]               malloc:
memory.dasm              (line 25):  [0x0033] 7C14 0080       IFG A, 128
memory.dasm              (line 26):  [0x0035]               SET PC, .err131:
memory.dasm              (line 27):  [0x0035] 8421            SET B, 0
memory.dasm              (line 28):  [0x0035] 8841            SET C, 1
memory.dasm              (line 29):  [0x0036] B4A1            SET Z, 12
memory.dasm              (line 30):  [0x0037] 7CC1 00D4       SET I, memory_pool
memory.dasm              (line 32):  [0x0039] 0814            IFG A, C
memory.dasm              (line 33):  [0x003A] 9382            ADD PC, 3
memory.dasm              (line 34):  [0x003B] 0401            SET A, B
memory.dasm              (line 35):  [0x003C] 7F81 0040       SET PC, .find
memory.dasm              (line 36):  [0x003E] 8822            ADD B, 1
memory.dasm              (line 37):  [0x003F] 884F            SHL C, 1
memory.dasm              (line 38):  [0x003F] A383            SUB PC, 7
memory.dasm              (line 40):  [0x0040]               .find:
memory.dasm              (line 41):  [0x0040] 3861            SET X, [I]
memory.dasm              (line 42):  [0x0041] 146D            SHR X, Z
memory.dasm              (line 43):  [0x0042] C06A            AND X, 0xF
memory.dasm              (line 44):  [0x0043] A074            IFG X, 7
memory.dasm              (line 45):  [0x0044] 7F81 004E       SET PC, .next
memory.dasm              (line 46):  [0x0046] 0C14            IFG A, X
memory.dasm              (line 47):  [0x0047] 7F81 004E       SET PC, .next
memory.dasm              (line 48):  [0x0049] 0C16            IFL A, X
memory.dasm              (line 49):  [0x004A] 7F81 0064       SET PC, .split
memory.dasm              (line 50):  [0x004C] 7F81 007C       SET PC, .found
memory.dasm              (line 52):  [0x004E]               .next:
memory.dasm              (line 53):  [0x004E] A06A            AND X, 0x7
memory.dasm              (line 54):  [0x004F] 8874            IFG X, 1
memory.dasm              (line 55):  [0x0050] 7F81 005A       SET PC, .nextword
memory.dasm              (line 56):  [0x0052] 8862            ADD X, 1
memory.dasm              (line 57):  [0x0053] 9464            MUL X, 4
memory.dasm              (line 58):  [0x0054] 0CA3            SUB Z, X
memory.dasm              (line 59):  [0x0055] 80B4            IFG Z, -1
memory.dasm              (line 60):  [0x0056] 7F81 0040       SET PC, .find
memory.dasm              (line 61):  [0x0058] 8C61            SET X, 2
memory.dasm              (line 62):  [0x0059] B4A1            SET Z, 12
memory.dasm              (line 63):  [0x005A]               .nextword:
memory.dasm              (line 64):  [0x005A] 8841            SET C, 1
memory.dasm              (line 65):  [0x005B] 8C63            SUB X, 2
memory.dasm              (line 66):  [0x005C] 0C4F            SHL C, X
memory.dasm              (line 67):  [0x005D] 08C2            ADD I, C
memory.dasm              (line 68):  [0x005E] 7CD6 00D4       IFL I, memory_pool
memory.dasm              (line 69):  [0x0060] 7F81 0040       SET PC, .find
memory.dasm              (line 70):  [0x0062] 7F81 0089       SET PC, .err128
memory.dasm              (line 72):  [0x0064]               .split:
memory.dasm              (line 73):  [0x0064] 8841            SET C, 1
memory.dasm              (line 74):  [0x0065] 144F            SHL C, Z
memory.dasm              (line 75):  [0x0066] 09C3            SUB [I], C
memory.dasm              (line 76):  [0x0067] 8863            SUB X, 1
memory.dasm              (line 77):  [0x0068] 0C21            SET B, X
memory.dasm              (line 78):  [0x0069] 8874            IFG X, 1
memory.dasm              (line 79):  [0x006A] 7F81 0074       SET PC, .newword
memory.dasm              (line 80):  [0x006C] 8822            ADD B, 1
memory.dasm              (line 81):  [0x006D] 9424            MUL B, 4
memory.dasm              (line 82):  [0x006E] 04A3            SUB Z, B
memory.dasm              (line 83):  [0x006F] 80B4            IFG Z, -1
memory.dasm              (line 84):  [0x0070] 7F81 0078       SET PC, .adjust
memory.dasm              (line 85):  [0x0072] 8C21            SET B, 2
memory.dasm              (line 86):  [0x0073] B4A1            SET Z, 12
memory.dasm              (line 87):  [0x0074]               .newword:
memory.dasm              (line 88):  [0x0074] 8841            SET C, 1
memory.dasm              (line 89):  [0x0075] 8C23            SUB B, 2
memory.dasm              (line 90):  [0x0076] 044F            SHL C, B
memory.dasm              (line 91):  [0x0077] 1842            ADD C, I
memory.dasm              (line 92):  [0x0078]               .adjust:
memory.dasm              (line 93):  [0x0078] 146F            SHL X, Z
memory.dasm              (line 94):  [0x0079] 0D4B            BOR [C], X
memory.dasm              (line 95):  [0x007A] 7F81 0040       SET PC, .find
memory.dasm              (line 97):  [0x007C]               .found:
memory.dasm              (line 98):  [0x007C] A40A            AND A, 0x8
memory.dasm              (line 99):  [0x007D] 140F            SHL A, Z
memory.dasm              (line 100): [0x007E] 01CB            BOR [I], A
memory.dasm              (line 101): [0x007F] B401            SET A, 12
memory.dasm              (line 102): [0x0080] 1403            SUB A, Z
memory.dasm              (line 103): [0x0081] 7CC3 00D4       SUB I, memory_pool
memory.dasm              (line 104): [0x0083] 7CC4 0800       MUL I, 0x800
memory.dasm              (line 105): [0x0085] 7C04 0200       MUL A, 0x200
memory.dasm              (line 106): [0x0087] 1802            ADD A, I
memory.dasm              (line 108): [0x0088] 6381            SET PC, POP
memory.dasm              (line 110): [0x0089]               .err128:
memory.dasm              (line 111): [0x0089] 7C01 0080       SET A, 128
memory.dasm              (line 112): [0x008B] 6381            SET PC, POP
memory.dasm              (line 113): [0x008C]               .err131:
memory.dasm              (line 114): [0x008C] 7C01 0083       SET A, 131
memory.dasm              (line 115): [0x008E] 6381            SET PC, POP
memory.dasm              (line 118): [0x008F]               free:
memory.dasm              (line 122): [0x008F]               clear_mem:
memory.dasm              (line 123): [0x008F] 1B01            SET PUSH, I
memory.dasm              (line 124): [0x0090] 1F01            SET PUSH, J
memory.dasm              (line 126): [0x0091] 00C1            SET I, A
memory.dasm              (line 127): [0x0092] 0401            SET A, B
memory.dasm              (line 128): [0x0093] C406            DIV A, 0x10
memory.dasm              (line 130): [0x0094] 8412            IFE A, 0
memory.dasm              (line 131): [0x0095] CF82            ADD PC, 18
memory.dasm              (line 132): [0x0096] 85DE            STI [I], 0
memory.dasm              (line 133): [0x0097] 85DE            STI [I], 0
memory.dasm              (line 134): [0x0098] 85DE            STI [I], 0
memory.dasm              (line 135): [0x0099] 85DE            STI [I], 0
memory.dasm              (line 136): [0x009A] 85DE            STI [I], 0
memory.dasm              (line 137): [0x009B] 85DE            STI [I], 0
memory.dasm              (line 138): [0x009C] 85DE            STI [I], 0
memory.dasm              (line 139): [0x009D] 85DE            STI [I], 0
memory.dasm              (line 140): [0x009E] 85DE            STI [I], 0
memory.dasm              (line 141): [0x009F] 85DE            STI [I], 0
memory.dasm              (line 142): [0x00A0] 85DE            STI [I], 0
memory.dasm              (line 143): [0x00A1] 85DE            STI [I], 0
memory.dasm              (line 144): [0x00A2] 85DE            STI [I], 0
memory.dasm              (line 145): [0x00A3] 85DE            STI [I], 0
memory.dasm              (line 146): [0x00A4] 85DE            STI [I], 0
memory.dasm              (line 147): [0x00A5] 85DE            STI [I], 0
memory.dasm              (line 148): [0x00A6] 8803            SUB A, 1
memory.dasm              (line 149): [0x00A7] D783            SUB PC, 20
memory.dasm              (line 151): [0x00A8] C428            MOD B, 0x10
memory.dasm              (line 152): [0x00A9] 8432            IFE B, 0
memory.dasm              (line 153): [0x00AA] 9382            ADD PC, 3
memory.dasm              (line 154): [0x00AB] 85DE            STI [I], 0
memory.dasm              (line 155): [0x00AC] 8823            SUB B, 1
memory.dasm              (line 156): [0x00AD] 9B83            SUB PC, 5
memory.dasm              (line 158): [0x00AE] 60E1            SET J, POP
memory.dasm              (line 159): [0x00AF] 60C1            SET I, POP
memory.dasm              (line 160): [0x00B0] 6381            SET PC, POP
memory.dasm              (line 163): [0x00B1]               copy_mem:
memory.dasm              (line 164): [0x00B1] 1B01            SET PUSH, I
memory.dasm              (line 165): [0x00B2] 1F01            SET PUSH, J
memory.dasm              (line 167): [0x00B3] 00C1            SET I, A
memory.dasm              (line 168): [0x00B4] 04E1            SET J, B
memory.dasm              (line 169): [0x00B5] 0801            SET A, C
memory.dasm              (line 170): [0x00B6] C406            DIV A, 0x10
memory.dasm              (line 172): [0x00B7] 8412            IFE A, 0
memory.dasm              (line 173): [0x00B8] CF82            ADD PC, 18
memory.dasm              (line 174): [0x00B9] 1DDE            STI [I], J
memory.dasm              (line 175): [0x00BA] 1DDE            STI [I], J
memory.dasm              (line 176): [0x00BB] 1DDE            STI [I], J
memory.dasm              (line 177): [0x00BC] 1DDE            STI [I], J
memory.dasm              (line 178): [0x00BD] 1DDE            STI [I], J
memory.dasm              (line 179): [0x00BE] 1DDE            STI [I], J
memory.dasm              (line 180): [0x00BF] 1DDE            STI [I], J
memory.dasm              (line 181): [0x00C0] 1DDE            STI [I], J
memory.dasm              (line 182): [0x00C1] 1DDE            STI [I], J
memory.dasm              (line 183): [0x00C2] 1DDE            STI [I], J
memory.dasm              (line 184): [0x00C3] 1DDE            STI [I], J
memory.dasm              (line 185): [0x00C4] 1DDE            STI [I], J
memory.dasm              (line 186): [0x00C5] 1DDE            STI [I], J
memory.dasm              (line 187): [0x00C6] 1DDE            STI [I], J
memory.dasm              (line 188): [0x00C7] 1DDE            STI [I], J
memory.dasm              (line 189): [0x00C8] 1DDE            STI [I], J
memory.dasm              (line 190): [0x00C9] 8803            SUB A, 1
memory.dasm              (line 191): [0x00CA] D783            SUB PC, 20
memory.dasm              (line 193): [0x00CB] C448            MOD C, 0x10
memory.dasm              (line 194): [0x00CC] 8452            IFE C, 0
memory.dasm              (line 195): [0x00CD] 9382            ADD PC, 3
memory.dasm              (line 196): [0x00CE] 85DE            STI [I], 0
memory.dasm              (line 197): [0x00CF] 8843            SUB C, 1
memory.dasm              (line 198): [0x00D0] 9B83            SUB PC, 5
memory.dasm              (line 200): [0x00D1] 60E1            SET J, POP
memory.dasm              (line 201): [0x00D2] 60C1            SET I, POP
memory.dasm              (line 202): [0x00D3] 6381            SET PC, POP
memory.dasm              (line 204): [0x00D4]               memory_pool:
memory.dasm              (line 205): [0x00D4]                 .DAT 0x7000
memory.dasm              (line 205): [0x00D4]                      7000
memory.dasm              (line 206): [0x00D5] 0000 0000 0000 0000 0000 0000 0000 0000 0000 0000 0000 0000 0000 0000 0000 0000 0000 0000 0000 0000 0000 0000 0000 0000 0000 0000 0000 0000 0000 0000 0000#reserve 31
memory.dasm              (line 207): [0x00F4]               memory_pool_end:
../src/main.dasm         (line 8):   [0x0140]               free_memory_start:
